
> kapitbisig-auth-server@1.0.0 start
> node src/server.js

✓ KapitBisig API server running on http://localhost:4000
  Environment: development
[DEBUG] userModel.findByEmail called with: maintest@example.com
[ERROR] Error: Origin not allowed by CORS
    at origin (C:\Users\Keino\Downloads\KB CLEAN\KB-CLEAN-VER\BACKEND\server\src\server.js:31:20)
    at C:\Users\Keino\Downloads\KB CLEAN\KB-CLEAN-VER\BACKEND\server\node_modules\cors\lib\index.js:219:13
    at optionsCallback (C:\Users\Keino\Downloads\KB CLEAN\KB-CLEAN-VER\BACKEND\server\node_modules\cors\lib\index.js:199:9)
    at corsMiddleware (C:\Users\Keino\Downloads\KB CLEAN\KB-CLEAN-VER\BACKEND\server\node_modules\cors\lib\index.js:204:7)
    at Layer.handle [as handle_request] (C:\Users\Keino\Downloads\KB CLEAN\KB-CLEAN-VER\BACKEND\server\node_modules\express\lib\router\layer.js:95:5)
    at trim_prefix (C:\Users\Keino\Downloads\KB CLEAN\KB-CLEAN-VER\BACKEND\server\node_modules\express\lib\router\index.js:328:13)
    at C:\Users\Keino\Downloads\KB CLEAN\KB-CLEAN-VER\BACKEND\server\node_modules\express\lib\router\index.js:286:9
    at router.process_params (C:\Users\Keino\Downloads\KB CLEAN\KB-CLEAN-VER\BACKEND\server\node_modules\express\lib\router\index.js:346:12)
    at next (C:\Users\Keino\Downloads\KB CLEAN\KB-CLEAN-VER\BACKEND\server\node_modules\express\lib\router\index.js:280:10)
    at C:\Users\Keino\Downloads\KB CLEAN\KB-CLEAN-VER\BACKEND\server\node_modules\express-rate-limit\dist\index.cjs:807:7
[ERROR] Error: Origin not allowed by CORS
    at origin (C:\Users\Keino\Downloads\KB CLEAN\KB-CLEAN-VER\BACKEND\server\src\server.js:31:20)
    at C:\Users\Keino\Downloads\KB CLEAN\KB-CLEAN-VER\BACKEND\server\node_modules\cors\lib\index.js:219:13
    at optionsCallback (C:\Users\Keino\Downloads\KB CLEAN\KB-CLEAN-VER\BACKEND\server\node_modules\cors\lib\index.js:199:9)
    at corsMiddleware (C:\Users\Keino\Downloads\KB CLEAN\KB-CLEAN-VER\BACKEND\server\node_modules\cors\lib\index.js:204:7)
    at Layer.handle [as handle_request] (C:\Users\Keino\Downloads\KB CLEAN\KB-CLEAN-VER\BACKEND\server\node_modules\express\lib\router\layer.js:95:5)
    at trim_prefix (C:\Users\Keino\Downloads\KB CLEAN\KB-CLEAN-VER\BACKEND\server\node_modules\express\lib\router\index.js:328:13)
    at C:\Users\Keino\Downloads\KB CLEAN\KB-CLEAN-VER\BACKEND\server\node_modules\express\lib\router\index.js:286:9
    at router.process_params (C:\Users\Keino\Downloads\KB CLEAN\KB-CLEAN-VER\BACKEND\server\node_modules\express\lib\router\index.js:346:12)
    at next (C:\Users\Keino\Downloads\KB CLEAN\KB-CLEAN-VER\BACKEND\server\node_modules\express\lib\router\index.js:280:10)
    at C:\Users\Keino\Downloads\KB CLEAN\KB-CLEAN-VER\BACKEND\server\node_modules\express-rate-limit\dist\index.cjs:807:7
[ERROR] Error: Origin not allowed by CORS
    at origin (C:\Users\Keino\Downloads\KB CLEAN\KB-CLEAN-VER\BACKEND\server\src\server.js:31:20)
    at C:\Users\Keino\Downloads\KB CLEAN\KB-CLEAN-VER\BACKEND\server\node_modules\cors\lib\index.js:219:13
    at optionsCallback (C:\Users\Keino\Downloads\KB CLEAN\KB-CLEAN-VER\BACKEND\server\node_modules\cors\lib\index.js:199:9)
    at corsMiddleware (C:\Users\Keino\Downloads\KB CLEAN\KB-CLEAN-VER\BACKEND\server\node_modules\cors\lib\index.js:204:7)
    at Layer.handle [as handle_request] (C:\Users\Keino\Downloads\KB CLEAN\KB-CLEAN-VER\BACKEND\server\node_modules\express\lib\router\layer.js:95:5)
    at trim_prefix (C:\Users\Keino\Downloads\KB CLEAN\KB-CLEAN-VER\BACKEND\server\node_modules\express\lib\router\index.js:328:13)
    at C:\Users\Keino\Downloads\KB CLEAN\KB-CLEAN-VER\BACKEND\server\node_modules\express\lib\router\index.js:286:9
    at router.process_params (C:\Users\Keino\Downloads\KB CLEAN\KB-CLEAN-VER\BACKEND\server\node_modules\express\lib\router\index.js:346:12)
    at next (C:\Users\Keino\Downloads\KB CLEAN\KB-CLEAN-VER\BACKEND\server\node_modules\express\lib\router\index.js:280:10)
    at C:\Users\Keino\Downloads\KB CLEAN\KB-CLEAN-VER\BACKEND\server\node_modules\express-rate-limit\dist\index.cjs:807:7
[ERROR] Error: Origin not allowed by CORS
    at origin (C:\Users\Keino\Downloads\KB CLEAN\KB-CLEAN-VER\BACKEND\server\src\server.js:31:20)
    at C:\Users\Keino\Downloads\KB CLEAN\KB-CLEAN-VER\BACKEND\server\node_modules\cors\lib\index.js:219:13
    at optionsCallback (C:\Users\Keino\Downloads\KB CLEAN\KB-CLEAN-VER\BACKEND\server\node_modules\cors\lib\index.js:199:9)
    at corsMiddleware (C:\Users\Keino\Downloads\KB CLEAN\KB-CLEAN-VER\BACKEND\server\node_modules\cors\lib\index.js:204:7)
    at Layer.handle [as handle_request] (C:\Users\Keino\Downloads\KB CLEAN\KB-CLEAN-VER\BACKEND\server\node_modules\express\lib\router\layer.js:95:5)
    at trim_prefix (C:\Users\Keino\Downloads\KB CLEAN\KB-CLEAN-VER\BACKEND\server\node_modules\express\lib\router\index.js:328:13)
    at C:\Users\Keino\Downloads\KB CLEAN\KB-CLEAN-VER\BACKEND\server\node_modules\express\lib\router\index.js:286:9
    at router.process_params (C:\Users\Keino\Downloads\KB CLEAN\KB-CLEAN-VER\BACKEND\server\node_modules\express\lib\router\index.js:346:12)
    at next (C:\Users\Keino\Downloads\KB CLEAN\KB-CLEAN-VER\BACKEND\server\node_modules\express\lib\router\index.js:280:10)
    at C:\Users\Keino\Downloads\KB CLEAN\KB-CLEAN-VER\BACKEND\server\node_modules\express-rate-limit\dist\index.cjs:807:7
[ERROR] Error: Origin not allowed by CORS
    at origin (C:\Users\Keino\Downloads\KB CLEAN\KB-CLEAN-VER\BACKEND\server\src\server.js:31:20)
    at C:\Users\Keino\Downloads\KB CLEAN\KB-CLEAN-VER\BACKEND\server\node_modules\cors\lib\index.js:219:13
    at optionsCallback (C:\Users\Keino\Downloads\KB CLEAN\KB-CLEAN-VER\BACKEND\server\node_modules\cors\lib\index.js:199:9)
    at corsMiddleware (C:\Users\Keino\Downloads\KB CLEAN\KB-CLEAN-VER\BACKEND\server\node_modules\cors\lib\index.js:204:7)
    at Layer.handle [as handle_request] (C:\Users\Keino\Downloads\KB CLEAN\KB-CLEAN-VER\BACKEND\server\node_modules\express\lib\router\layer.js:95:5)
    at trim_prefix (C:\Users\Keino\Downloads\KB CLEAN\KB-CLEAN-VER\BACKEND\server\node_modules\express\lib\router\index.js:328:13)
    at C:\Users\Keino\Downloads\KB CLEAN\KB-CLEAN-VER\BACKEND\server\node_modules\express\lib\router\index.js:286:9
    at router.process_params (C:\Users\Keino\Downloads\KB CLEAN\KB-CLEAN-VER\BACKEND\server\node_modules\express\lib\router\index.js:346:12)
    at next (C:\Users\Keino\Downloads\KB CLEAN\KB-CLEAN-VER\BACKEND\server\node_modules\express\lib\router\index.js:280:10)
    at C:\Users\Keino\Downloads\KB CLEAN\KB-CLEAN-VER\BACKEND\server\node_modules\express-rate-limit\dist\index.cjs:807:7
[ERROR] Error: Origin not allowed by CORS
    at origin (C:\Users\Keino\Downloads\KB CLEAN\KB-CLEAN-VER\BACKEND\server\src\server.js:31:20)
    at C:\Users\Keino\Downloads\KB CLEAN\KB-CLEAN-VER\BACKEND\server\node_modules\cors\lib\index.js:219:13
    at optionsCallback (C:\Users\Keino\Downloads\KB CLEAN\KB-CLEAN-VER\BACKEND\server\node_modules\cors\lib\index.js:199:9)
    at corsMiddleware (C:\Users\Keino\Downloads\KB CLEAN\KB-CLEAN-VER\BACKEND\server\node_modules\cors\lib\index.js:204:7)
    at Layer.handle [as handle_request] (C:\Users\Keino\Downloads\KB CLEAN\KB-CLEAN-VER\BACKEND\server\node_modules\express\lib\router\layer.js:95:5)
    at trim_prefix (C:\Users\Keino\Downloads\KB CLEAN\KB-CLEAN-VER\BACKEND\server\node_modules\express\lib\router\index.js:328:13)
    at C:\Users\Keino\Downloads\KB CLEAN\KB-CLEAN-VER\BACKEND\server\node_modules\express\lib\router\index.js:286:9
    at router.process_params (C:\Users\Keino\Downloads\KB CLEAN\KB-CLEAN-VER\BACKEND\server\node_modules\express\lib\router\index.js:346:12)
    at next (C:\Users\Keino\Downloads\KB CLEAN\KB-CLEAN-VER\BACKEND\server\node_modules\express\lib\router\index.js:280:10)
    at C:\Users\Keino\Downloads\KB CLEAN\KB-CLEAN-VER\BACKEND\server\node_modules\express-rate-limit\dist\index.cjs:807:7
[ERROR] Error: Origin not allowed by CORS
    at origin (C:\Users\Keino\Downloads\KB CLEAN\KB-CLEAN-VER\BACKEND\server\src\server.js:31:20)
    at C:\Users\Keino\Downloads\KB CLEAN\KB-CLEAN-VER\BACKEND\server\node_modules\cors\lib\index.js:219:13
    at optionsCallback (C:\Users\Keino\Downloads\KB CLEAN\KB-CLEAN-VER\BACKEND\server\node_modules\cors\lib\index.js:199:9)
    at corsMiddleware (C:\Users\Keino\Downloads\KB CLEAN\KB-CLEAN-VER\BACKEND\server\node_modules\cors\lib\index.js:204:7)
    at Layer.handle [as handle_request] (C:\Users\Keino\Downloads\KB CLEAN\KB-CLEAN-VER\BACKEND\server\node_modules\express\lib\router\layer.js:95:5)
    at trim_prefix (C:\Users\Keino\Downloads\KB CLEAN\KB-CLEAN-VER\BACKEND\server\node_modules\express\lib\router\index.js:328:13)
    at C:\Users\Keino\Downloads\KB CLEAN\KB-CLEAN-VER\BACKEND\server\node_modules\express\lib\router\index.js:286:9
    at router.process_params (C:\Users\Keino\Downloads\KB CLEAN\KB-CLEAN-VER\BACKEND\server\node_modules\express\lib\router\index.js:346:12)
    at next (C:\Users\Keino\Downloads\KB CLEAN\KB-CLEAN-VER\BACKEND\server\node_modules\express\lib\router\index.js:280:10)
    at C:\Users\Keino\Downloads\KB CLEAN\KB-CLEAN-VER\BACKEND\server\node_modules\express-rate-limit\dist\index.cjs:807:7
